%type _:Java = (inputMetadata:{
  "message" : @typeId("value" : "org.mule.runtime.api.message.Message") {
    "payload" : {
      "author"? : String, 
      "available"? : Boolean, 
      "title"? : String, 
      * : Any
    }, 
    "attributes" : {
      "queryParams"? : {

      }, 
      "headers"? : {

      }, 
      "uriParams"? : {

      }
    }
  }, 
  "variables" : {

  }
}) -> {
  "message" : @typeId("value" : "org.mule.runtime.api.message.Message") {
    "payload" : Any
  }, 
  "variables" : {
    "outboundHeaders" : {

    }, 
    "httpStatus" : String
  }
}