%type _:Java = (inputMetadata:{
  "message" : @typeId("value" : "org.mule.runtime.api.message.Message") {
    "payload" : @example("value" : "{\"name\":\"Lorena\",\"surname\":\"Daicich\"}") {
      "name"? : String, 
      "surname"? : String
    }, 
    "attributes" : {
      "queryParameters"? : {

      }, 
      "headers"? : {

      }, 
      "uriParameters"? : Any
    }
  }, 
  "variables" : {

  }
}) -> {
  "message" : @typeId("value" : "org.mule.runtime.api.message.Message") {
    "payload" : Any
  }, 
  "variables" : {

  }
}