%type _:Java = (inputMetadata:{
  "message" : @typeId("value" : "org.mule.runtime.api.message.Message") {
    "payload" : Any, 
    "attributes" : {
      "queryParameters"? : {

      }, 
      "headers"? : {
        "arrayOfStringHeader"? : [String], 
        "arrayOfNumberHeader"? : [Number], 
        "arrayOfIntegerHeader"? : [@int Number], 
        "arrayOfDateHeader"? : [DateTime], 
        "arrayOfBooleanHeader"? : [Boolean], 
        "arrayOfFileHeader"? : [Binary]
      }, 
      "uriParameters"? : {

      }
    }
  }, 
  "variables" : {

  }
}) -> {
  "message" : @typeId("value" : "org.mule.runtime.api.message.Message") {
    "payload" : Any
  }, 
  "variables" : {
    "outboundHeaders" : {

    }, 
    "httpStatus" : String
  }
}