%type _:Java = (inputMetadata:{
  "message" : @typeId("value" : "org.mule.runtime.api.message.Message") {
    "payload" : Any, 
    "attributes" : {
      "queryParams"? : {

      }, 
      "headers"? : {
        "withoutType"? : String, 
        "integerHeader"? : @int Number, 
        "booleanHeader"? : Boolean, 
        "fileHeader"? : String, 
        "dateHeader"? : String, 
        "stringHeader"? : String, 
        "numberHeader"? : Number
      }, 
      "uriParams"? : {

      }
    }
  }, 
  "variables" : {

  }
}) -> {
  "message" : @typeId("value" : "org.mule.runtime.api.message.Message") {
    "payload" : Any
  }, 
  "variables" : {
    "outboundHeaders" : {

    }, 
    "httpStatus" : String
  }
}