%type _:Java = (inputMetadata:{
  "message" : @typeId("value" : "org.mule.runtime.api.message.Message") {
    "payload" : Any, 
    "attributes" : {
      "queryParameters"? : {

      }, 
      "headers"? : {
        "withoutType"? : String, 
        "integerHeader"? : @int Number, 
        "booleanHeader"? : Boolean, 
        "fileHeader"? : Binary, 
        "dateHeader"? : DateTime, 
        "stringHeader"? : String, 
        "numberHeader"? : Number
      }, 
      "uriParameters"? : {

      }
    }
  }, 
  "variables" : {

  }
}) -> {
  "message" : @typeId("value" : "org.mule.runtime.api.message.Message") {
    "payload" : Any
  }, 
  "variables" : {

  }
}