%type _:Java = (inputMetadata:{
  "message" : @typeId("value" : "org.mule.runtime.api.message.Message") {
    "payload" : {
      "code"? : Any
    }, 
    "attributes" : {
      "clientCertificate"? : {
        "publicKey"? : {

        }, 
        "type"? : String, 
        "encoded"? : Binary
      }, 
      "headers" : {

      }, 
      "listenerPath" : String, 
      "method" : String, 
      "queryParams" : {

      }, 
      "queryString" : String, 
      "relativePath" : String, 
      "remoteAddress" : String, 
      "requestPath" : String, 
      "requestUri" : String, 
      "scheme" : String, 
      "uriParams" : {
        "itemId"? : @int Number
      }, 
      "version" : String, 
      "localAddress" : String
    }
  }, 
  "variables" : {

  }
}) -> {
  "message" : @typeId("value" : "org.mule.runtime.api.message.Message") {
    "payload" : Any
  }, 
  "variables" : {
    "outboundHeaders" : {

    }, 
    "httpStatus" : String
  }
}