%type _:Java = (inputMetadata:{
  "message" : @typeId("value" : "org.mule.runtime.api.message.Message") {
    "payload" : Any, 
    "attributes" : {
      "clientCertificate"? : {
        "publicKey"? : {

        }, 
        "type"? : String, 
        "encoded"? : Binary
      }, 
      "headers" : {

      }, 
      "listenerPath" : String, 
      "method" : String, 
      "queryParams" : {

      }, 
      "queryString" : String, 
      "relativePath" : String, 
      "remoteAddress" : String, 
      "requestPath" : String, 
      "requestUri" : String, 
      "scheme" : String, 
      "uriParams" : {

      }, 
      "version" : String, 
      "localAddress" : String
    }
  }, 
  "variables" : {

  }
}) -> {
  "message" : @typeId("value" : "org.mule.runtime.api.message.Message") {
    "payload" : Any
  }, 
  "variables" : {
    "outboundHeaders" : {
      "stringheader"? : @enum("values" : ["enum1","enum2"]) @length("min" : 2, "max" : 10) @default("value" : "enum1") String, 
      "numberheader"? : @range("from" : 10.10, "to" : 20.20) @default("value" : "15.15") Number, 
      "integerheader"? : @int @range("from" : 10, "to" : 20) @default("value" : "15") Number, 
      "dateheader"? : @default("value" : "Sun, 06 Nov 1994 08:49:37 GMT") String, 
      "booleanheader"? : @default("value" : "false") Boolean, 
      "fileheader"? : String, 
      "withouttype"? : String
    }, 
    "httpStatus" : String
  }
}