%type _:Java = (inputMetadata:{
  "message" : @typeId("value" : "org.mule.runtime.api.message.Message") {
    "payload" : @example("value" : "{\"name\":\"Lorena\",\"surname\":\"Daicich\"}") {
      "name"? : String, 
      "surname"? : String
    }, 
    "attributes" : {
      "clientCertificate"? : {
        "publicKey"? : {

        }, 
        "type"? : String, 
        "encoded"? : Binary
      }, 
      "headers"? : {

      }, 
      "listenerPath"? : String, 
      "method"? : String, 
      "queryParams"? : {

      }, 
      "queryString"? : String, 
      "relativePath"? : String, 
      "remoteAddress"? : String, 
      "requestPath"? : String, 
      "requestUri"? : String, 
      "scheme"? : String, 
      "uriParams"? : {

      }, 
      "version"? : String
    }
  }, 
  "variables" : {

  }
}) -> {
  "message" : @typeId("value" : "org.mule.runtime.api.message.Message") {
    "payload" : Any
  }, 
  "variables" : {
    "outboundHeaders" : {

    }, 
    "httpStatus" : String
  }
}