%type _:Java = (inputMetadata:{
  "message" : @typeId("value" : "org.mule.runtime.api.message.Message") {
    "payload" : Any, 
    "attributes" : {
      "queryParams"? : {
        "dateQueryParam"? : [String], 
        "numberQueryParam"? : [Number], 
        "integerQueryParam"? : [@int Number], 
        "fileQueryParam"? : [String], 
        "stringQueryParam"? : [String], 
        "booleanQueryParam"? : [Boolean]
      }, 
      "headers"? : {

      }, 
      "uriParams"? : {

      }
    }
  }, 
  "variables" : {

  }
}) -> {
  "message" : @typeId("value" : "org.mule.runtime.api.message.Message") {
    "payload" : Any
  }, 
  "variables" : {
    "outboundHeaders" : {

    }, 
    "httpStatus" : String
  }
}