%type _:Java = (inputMetadata:{
  "message" : @typeId("value" : "org.mule.runtime.api.message.Message") {
    "payload" : Any, 
    "attributes" : {
      "queryParameters"? : {

      }, 
      "headers"? : {

      }, 
      "uriParameters"? : {

      }
    }
  }, 
  "variables" : {

  }
}) -> {
  "message" : @typeId("value" : "org.mule.runtime.api.message.Message") {
    "payload" : Any
  }, 
  "variables" : {
    "outboundHeaders" : {
      "arrayOfStringHeader"? : [String], 
      "arrayOfNumberHeader"? : [Number], 
      "arrayOfIntegerHeader"? : [@int Number], 
      "arrayOfDateHeader"? : [String], 
      "arrayOfBooleanHeader"? : [Boolean], 
      "arrayOfFileHeader"? : [String]
    }, 
    "httpStatus" : String
  }
}