%type _:Java = (inputMetadata:{
  "message" : @typeId("value" : "org.mule.runtime.api.message.Message") {
    "payload" : Any, 
    "attributes" : {
      "queryParams"? : {

      }, 
      "headers"? : {

      }, 
      "uriParams"? : {

      }
    }
  }, 
  "variables" : {

  }
}) -> {
  "message" : @typeId("value" : "org.mule.runtime.api.message.Message") {
    "payload" : Any
  }, 
  "variables" : {
    "outboundHeaders" : {
      "stringHeader"? : String, 
      "numberHeader"? : Number, 
      "integerHeader"? : @int Number, 
      "dateHeader"? : String, 
      "booleanHeader"? : Boolean, 
      "fileHeader"? : String, 
      "withoutType"? : String
    }, 
    "httpStatus" : String
  }
}