%type _:Java = (inputMetadata:{
  "message" : @typeId("value" : "org.mule.runtime.api.message.Message") {
    "payload" : Any, 
    "attributes" : {
      "queryParameters"? : {

      }, 
      "headers"? : {

      }, 
      "uriParameters"? : {
        "v1"? : String, 
        "v2"? : String, 
        "uriParam3"? : Boolean, 
        "uriParam1"? : @int Number, 
        "uriParam2"? : Number
      }
    }
  }, 
  "variables" : {

  }
}) -> {
  "message" : @typeId("value" : "org.mule.runtime.api.message.Message") {
    "payload" : Any
  }, 
  "variables" : {
    "outboundHeaders" : {

    }, 
    "httpStatus" : String
  }
}