%type _:Java = (inputMetadata:{
  "message" : @typeId("value" : "org.mule.runtime.api.message.Message") {
    "payload" : Any, 
    "attributes" : {
      "clientCertificate"? : {
        "publicKey"? : {

        }, 
        "type"? : String, 
        "encoded"? : Binary
      }, 
      "headers" : {

      }, 
      "listenerPath" : String, 
      "method" : String, 
      "queryParams" : {

      }, 
      "queryString" : String, 
      "relativePath" : String, 
      "remoteAddress" : String, 
      "requestPath" : String, 
      "requestUri" : String, 
      "scheme" : String, 
      "uriParams" : {

      }, 
      "version" : String, 
      "localAddress" : String
    }
  }, 
  "variables" : {

  }
}) -> {
  "message" : @typeId("value" : "org.mule.runtime.api.message.Message") {
    "payload" : Any
  }, 
  "variables" : {
    "outboundHeaders" : {
      "stringheader" : @enum("values" : ["enum2","enum1"]) String & @length("min" : 2, "max" : 10) String, 
      "numberheader" : @range("from" : 10.1, "to" : 20.2) Number, 
      "integerheader" : @range("from" : 10, "to" : 20) @int Number, 
      "dateheader" : String, 
      "booleanheader" : Boolean, 
      "fileheader" : String, 
      "withouttype" : String
    }, 
    "httpStatus" : String
  }
}